pub mod lockness_executor
pub mod lockness_executor::config
pub struct lockness_executor::config::False
impl core::marker::Freeze for lockness_executor::config::False
impl core::marker::Send for lockness_executor::config::False
impl core::marker::Sync for lockness_executor::config::False
impl core::marker::Unpin for lockness_executor::config::False
impl core::panic::unwind_safe::RefUnwindSafe for lockness_executor::config::False
impl core::panic::unwind_safe::UnwindSafe for lockness_executor::config::False
impl<T, U> core::convert::Into<U> for lockness_executor::config::False where U: core::convert::From<T>
pub fn lockness_executor::config::False::into(self) -> U
impl<T, U> core::convert::TryFrom<U> for lockness_executor::config::False where U: core::convert::Into<T>
pub type lockness_executor::config::False::Error = core::convert::Infallible
pub fn lockness_executor::config::False::try_from(value: U) -> core::result::Result<T, <T as core::convert::TryFrom<U>>::Error>
impl<T, U> core::convert::TryInto<U> for lockness_executor::config::False where U: core::convert::TryFrom<T>
pub type lockness_executor::config::False::Error = <U as core::convert::TryFrom<T>>::Error
pub fn lockness_executor::config::False::try_into(self) -> core::result::Result<U, <U as core::convert::TryFrom<T>>::Error>
impl<T> core::any::Any for lockness_executor::config::False where T: 'static + ?core::marker::Sized
pub fn lockness_executor::config::False::type_id(&self) -> core::any::TypeId
impl<T> core::borrow::Borrow<T> for lockness_executor::config::False where T: ?core::marker::Sized
pub fn lockness_executor::config::False::borrow(&self) -> &T
impl<T> core::borrow::BorrowMut<T> for lockness_executor::config::False where T: ?core::marker::Sized
pub fn lockness_executor::config::False::borrow_mut(&mut self) -> &mut T
impl<T> core::convert::From<T> for lockness_executor::config::False
pub fn lockness_executor::config::False::from(t: T) -> T
pub struct lockness_executor::config::Fifo
impl core::marker::Freeze for lockness_executor::config::Fifo
impl core::marker::Send for lockness_executor::config::Fifo
impl core::marker::Sync for lockness_executor::config::Fifo
impl core::marker::Unpin for lockness_executor::config::Fifo
impl core::panic::unwind_safe::RefUnwindSafe for lockness_executor::config::Fifo
impl core::panic::unwind_safe::UnwindSafe for lockness_executor::config::Fifo
impl<T, U> core::convert::Into<U> for lockness_executor::config::Fifo where U: core::convert::From<T>
pub fn lockness_executor::config::Fifo::into(self) -> U
impl<T, U> core::convert::TryFrom<U> for lockness_executor::config::Fifo where U: core::convert::Into<T>
pub type lockness_executor::config::Fifo::Error = core::convert::Infallible
pub fn lockness_executor::config::Fifo::try_from(value: U) -> core::result::Result<T, <T as core::convert::TryFrom<U>>::Error>
impl<T, U> core::convert::TryInto<U> for lockness_executor::config::Fifo where U: core::convert::TryFrom<T>
pub type lockness_executor::config::Fifo::Error = <U as core::convert::TryFrom<T>>::Error
pub fn lockness_executor::config::Fifo::try_into(self) -> core::result::Result<U, <U as core::convert::TryFrom<T>>::Error>
impl<T> core::any::Any for lockness_executor::config::Fifo where T: 'static + ?core::marker::Sized
pub fn lockness_executor::config::Fifo::type_id(&self) -> core::any::TypeId
impl<T> core::borrow::Borrow<T> for lockness_executor::config::Fifo where T: ?core::marker::Sized
pub fn lockness_executor::config::Fifo::borrow(&self) -> &T
impl<T> core::borrow::BorrowMut<T> for lockness_executor::config::Fifo where T: ?core::marker::Sized
pub fn lockness_executor::config::Fifo::borrow_mut(&mut self) -> &mut T
impl<T> core::convert::From<T> for lockness_executor::config::Fifo
pub fn lockness_executor::config::Fifo::from(t: T) -> T
pub struct lockness_executor::config::Lifo
impl core::marker::Freeze for lockness_executor::config::Lifo
impl core::marker::Send for lockness_executor::config::Lifo
impl core::marker::Sync for lockness_executor::config::Lifo
impl core::marker::Unpin for lockness_executor::config::Lifo
impl core::panic::unwind_safe::RefUnwindSafe for lockness_executor::config::Lifo
impl core::panic::unwind_safe::UnwindSafe for lockness_executor::config::Lifo
impl<T, U> core::convert::Into<U> for lockness_executor::config::Lifo where U: core::convert::From<T>
pub fn lockness_executor::config::Lifo::into(self) -> U
impl<T, U> core::convert::TryFrom<U> for lockness_executor::config::Lifo where U: core::convert::Into<T>
pub type lockness_executor::config::Lifo::Error = core::convert::Infallible
pub fn lockness_executor::config::Lifo::try_from(value: U) -> core::result::Result<T, <T as core::convert::TryFrom<U>>::Error>
impl<T, U> core::convert::TryInto<U> for lockness_executor::config::Lifo where U: core::convert::TryFrom<T>
pub type lockness_executor::config::Lifo::Error = <U as core::convert::TryFrom<T>>::Error
pub fn lockness_executor::config::Lifo::try_into(self) -> core::result::Result<U, <U as core::convert::TryFrom<T>>::Error>
impl<T> core::any::Any for lockness_executor::config::Lifo where T: 'static + ?core::marker::Sized
pub fn lockness_executor::config::Lifo::type_id(&self) -> core::any::TypeId
impl<T> core::borrow::Borrow<T> for lockness_executor::config::Lifo where T: ?core::marker::Sized
pub fn lockness_executor::config::Lifo::borrow(&self) -> &T
impl<T> core::borrow::BorrowMut<T> for lockness_executor::config::Lifo where T: ?core::marker::Sized
pub fn lockness_executor::config::Lifo::borrow_mut(&mut self) -> &mut T
impl<T> core::convert::From<T> for lockness_executor::config::Lifo
pub fn lockness_executor::config::Lifo::from(t: T) -> T
pub struct lockness_executor::config::True
impl core::marker::Freeze for lockness_executor::config::True
impl core::marker::Send for lockness_executor::config::True
impl core::marker::Sync for lockness_executor::config::True
impl core::marker::Unpin for lockness_executor::config::True
impl core::panic::unwind_safe::RefUnwindSafe for lockness_executor::config::True
impl core::panic::unwind_safe::UnwindSafe for lockness_executor::config::True
impl<T, U> core::convert::Into<U> for lockness_executor::config::True where U: core::convert::From<T>
pub fn lockness_executor::config::True::into(self) -> U
impl<T, U> core::convert::TryFrom<U> for lockness_executor::config::True where U: core::convert::Into<T>
pub type lockness_executor::config::True::Error = core::convert::Infallible
pub fn lockness_executor::config::True::try_from(value: U) -> core::result::Result<T, <T as core::convert::TryFrom<U>>::Error>
impl<T, U> core::convert::TryInto<U> for lockness_executor::config::True where U: core::convert::TryFrom<T>
pub type lockness_executor::config::True::Error = <U as core::convert::TryFrom<T>>::Error
pub fn lockness_executor::config::True::try_into(self) -> core::result::Result<U, <U as core::convert::TryFrom<T>>::Error>
impl<T> core::any::Any for lockness_executor::config::True where T: 'static + ?core::marker::Sized
pub fn lockness_executor::config::True::type_id(&self) -> core::any::TypeId
impl<T> core::borrow::Borrow<T> for lockness_executor::config::True where T: ?core::marker::Sized
pub fn lockness_executor::config::True::borrow(&self) -> &T
impl<T> core::borrow::BorrowMut<T> for lockness_executor::config::True where T: ?core::marker::Sized
pub fn lockness_executor::config::True::borrow_mut(&mut self) -> &mut T
impl<T> core::convert::From<T> for lockness_executor::config::True
pub fn lockness_executor::config::True::from(t: T) -> T
pub trait lockness_executor::config::Config
pub type lockness_executor::config::Config::AllowTasksToSpawnMoreTasks
pub type lockness_executor::config::Config::DequeBias
pub type lockness_executor::config::Config::Error: core::marker::Send + 'static
pub type lockness_executor::config::Config::ThreadLocalState
pub const lockness_executor::config::Config::NUM_TASK_TYPES: usize
pub fn lockness_executor::config::Config::thread_initializer(self) -> core::result::Result<Self::ThreadLocalState, Self::Error>
pub enum lockness_executor::Error<E>
pub lockness_executor::Error::Error(E)
pub lockness_executor::Error::Panic(lockness_executor::JoinError)
impl<E> core::marker::Freeze for lockness_executor::Error<E> where E: core::marker::Freeze
impl<E> core::marker::Send for lockness_executor::Error<E> where E: core::marker::Send
impl<E> core::marker::Sync for lockness_executor::Error<E> where E: core::marker::Sync
impl<E> core::marker::Unpin for lockness_executor::Error<E> where E: core::marker::Unpin
impl<E> !core::panic::unwind_safe::RefUnwindSafe for lockness_executor::Error<E>
impl<E> !core::panic::unwind_safe::UnwindSafe for lockness_executor::Error<E>
impl<T, U> core::convert::Into<U> for lockness_executor::Error<E> where U: core::convert::From<T>
pub fn lockness_executor::Error<E>::into(self) -> U
impl<T, U> core::convert::TryFrom<U> for lockness_executor::Error<E> where U: core::convert::Into<T>
pub type lockness_executor::Error<E>::Error = core::convert::Infallible
pub fn lockness_executor::Error<E>::try_from(value: U) -> core::result::Result<T, <T as core::convert::TryFrom<U>>::Error>
impl<T, U> core::convert::TryInto<U> for lockness_executor::Error<E> where U: core::convert::TryFrom<T>
pub type lockness_executor::Error<E>::Error = <U as core::convert::TryFrom<T>>::Error
pub fn lockness_executor::Error<E>::try_into(self) -> core::result::Result<U, <U as core::convert::TryFrom<T>>::Error>
impl<T> core::any::Any for lockness_executor::Error<E> where T: 'static + ?core::marker::Sized
pub fn lockness_executor::Error<E>::type_id(&self) -> core::any::TypeId
impl<T> core::borrow::Borrow<T> for lockness_executor::Error<E> where T: ?core::marker::Sized
pub fn lockness_executor::Error<E>::borrow(&self) -> &T
impl<T> core::borrow::BorrowMut<T> for lockness_executor::Error<E> where T: ?core::marker::Sized
pub fn lockness_executor::Error<E>::borrow_mut(&mut self) -> &mut T
impl<T> core::convert::From<T> for lockness_executor::Error<E>
pub fn lockness_executor::Error<E>::from(t: T) -> T
pub struct lockness_executor::Finisher<E>
impl<E> core::iter::traits::iterator::Iterator for lockness_executor::Finisher<E>
pub type lockness_executor::Finisher<E>::Item = lockness_executor::Error<E>
pub fn lockness_executor::Finisher<E>::next(&mut self) -> core::option::Option<Self::Item>
impl<E> core::marker::Freeze for lockness_executor::Finisher<E> where E: core::marker::Freeze
impl<E> core::marker::Send for lockness_executor::Finisher<E> where E: core::marker::Send
impl<E> core::marker::Sync for lockness_executor::Finisher<E> where E: core::marker::Sync
impl<E> core::marker::Unpin for lockness_executor::Finisher<E> where E: core::marker::Unpin
impl<E> core::panic::unwind_safe::RefUnwindSafe for lockness_executor::Finisher<E> where E: core::panic::unwind_safe::RefUnwindSafe
impl<E> core::panic::unwind_safe::UnwindSafe for lockness_executor::Finisher<E> where E: core::panic::unwind_safe::UnwindSafe
impl<I> core::iter::traits::collect::IntoIterator for lockness_executor::Finisher<E> where I: core::iter::traits::iterator::Iterator
pub type lockness_executor::Finisher<E>::IntoIter = I
pub type lockness_executor::Finisher<E>::Item = <I as core::iter::traits::iterator::Iterator>::Item
pub fn lockness_executor::Finisher<E>::into_iter(self) -> I
impl<T, U> core::convert::Into<U> for lockness_executor::Finisher<E> where U: core::convert::From<T>
pub fn lockness_executor::Finisher<E>::into(self) -> U
impl<T, U> core::convert::TryFrom<U> for lockness_executor::Finisher<E> where U: core::convert::Into<T>
pub type lockness_executor::Finisher<E>::Error = core::convert::Infallible
pub fn lockness_executor::Finisher<E>::try_from(value: U) -> core::result::Result<T, <T as core::convert::TryFrom<U>>::Error>
impl<T, U> core::convert::TryInto<U> for lockness_executor::Finisher<E> where U: core::convert::TryFrom<T>
pub type lockness_executor::Finisher<E>::Error = <U as core::convert::TryFrom<T>>::Error
pub fn lockness_executor::Finisher<E>::try_into(self) -> core::result::Result<U, <U as core::convert::TryFrom<T>>::Error>
impl<T> core::any::Any for lockness_executor::Finisher<E> where T: 'static + ?core::marker::Sized
pub fn lockness_executor::Finisher<E>::type_id(&self) -> core::any::TypeId
impl<T> core::borrow::Borrow<T> for lockness_executor::Finisher<E> where T: ?core::marker::Sized
pub fn lockness_executor::Finisher<E>::borrow(&self) -> &T
impl<T> core::borrow::BorrowMut<T> for lockness_executor::Finisher<E> where T: ?core::marker::Sized
pub fn lockness_executor::Finisher<E>::borrow_mut(&mut self) -> &mut T
impl<T> core::convert::From<T> for lockness_executor::Finisher<E>
pub fn lockness_executor::Finisher<E>::from(t: T) -> T
pub struct lockness_executor::JoinError(_)
impl lockness_executor::JoinError
pub fn lockness_executor::JoinError::from_join_error(panic: alloc::boxed::Box<(dyn core::any::Any + core::marker::Send + 'static)>) -> Self
pub fn lockness_executor::JoinError::into_inner(self) -> alloc::boxed::Box<(dyn core::any::Any + core::marker::Send + 'static)>
impl core::convert::From<lockness_executor::JoinError> for std::io::error::Error
pub fn std::io::error::Error::from(value: lockness_executor::JoinError) -> Self
impl core::error::Error for lockness_executor::JoinError
impl core::fmt::Debug for lockness_executor::JoinError
pub fn lockness_executor::JoinError::fmt(&self, fmt: &mut core::fmt::Formatter<'_>) -> core::fmt::Result
impl core::fmt::Display for lockness_executor::JoinError
pub fn lockness_executor::JoinError::fmt(&self, fmt: &mut core::fmt::Formatter<'_>) -> core::fmt::Result
impl core::marker::Freeze for lockness_executor::JoinError
impl core::marker::Send for lockness_executor::JoinError
impl core::marker::Sync for lockness_executor::JoinError
impl core::marker::Unpin for lockness_executor::JoinError
impl !core::panic::unwind_safe::RefUnwindSafe for lockness_executor::JoinError
impl !core::panic::unwind_safe::UnwindSafe for lockness_executor::JoinError
impl<T, U> core::convert::Into<U> for lockness_executor::JoinError where U: core::convert::From<T>
pub fn lockness_executor::JoinError::into(self) -> U
impl<T, U> core::convert::TryFrom<U> for lockness_executor::JoinError where U: core::convert::Into<T>
pub type lockness_executor::JoinError::Error = core::convert::Infallible
pub fn lockness_executor::JoinError::try_from(value: U) -> core::result::Result<T, <T as core::convert::TryFrom<U>>::Error>
impl<T, U> core::convert::TryInto<U> for lockness_executor::JoinError where U: core::convert::TryFrom<T>
pub type lockness_executor::JoinError::Error = <U as core::convert::TryFrom<T>>::Error
pub fn lockness_executor::JoinError::try_into(self) -> core::result::Result<U, <U as core::convert::TryFrom<T>>::Error>
impl<T> alloc::string::ToString for lockness_executor::JoinError where T: core::fmt::Display + ?core::marker::Sized
pub fn lockness_executor::JoinError::to_string(&self) -> alloc::string::String
impl<T> core::any::Any for lockness_executor::JoinError where T: 'static + ?core::marker::Sized
pub fn lockness_executor::JoinError::type_id(&self) -> core::any::TypeId
impl<T> core::borrow::Borrow<T> for lockness_executor::JoinError where T: ?core::marker::Sized
pub fn lockness_executor::JoinError::borrow(&self) -> &T
impl<T> core::borrow::BorrowMut<T> for lockness_executor::JoinError where T: ?core::marker::Sized
pub fn lockness_executor::JoinError::borrow_mut(&mut self) -> &mut T
impl<T> core::convert::From<T> for lockness_executor::JoinError
pub fn lockness_executor::JoinError::from(t: T) -> T
pub struct lockness_executor::LocknessExecutor<C>
impl<C: lockness_executor::config::Config> lockness_executor::LocknessExecutor<C>
pub fn lockness_executor::LocknessExecutor<C>::finisher(self) -> lockness_executor::Finisher<<C as lockness_executor::config::Config>::Error>
pub fn lockness_executor::LocknessExecutor<C>::spawner(&self) -> lockness_executor::Spawner<C>
impl<C> core::marker::Freeze for lockness_executor::LocknessExecutor<C> where C: core::marker::Freeze
impl<C> core::marker::Send for lockness_executor::LocknessExecutor<C> where C: core::marker::Send
impl<C> core::marker::Sync for lockness_executor::LocknessExecutor<C> where C: core::marker::Sync
impl<C> core::marker::Unpin for lockness_executor::LocknessExecutor<C> where C: core::marker::Unpin
impl<C> core::panic::unwind_safe::RefUnwindSafe for lockness_executor::LocknessExecutor<C> where C: core::panic::unwind_safe::RefUnwindSafe
impl<C> core::panic::unwind_safe::UnwindSafe for lockness_executor::LocknessExecutor<C> where C: core::panic::unwind_safe::UnwindSafe
impl<T, U> core::convert::Into<U> for lockness_executor::LocknessExecutor<C> where U: core::convert::From<T>
pub fn lockness_executor::LocknessExecutor<C>::into(self) -> U
impl<T, U> core::convert::TryFrom<U> for lockness_executor::LocknessExecutor<C> where U: core::convert::Into<T>
pub type lockness_executor::LocknessExecutor<C>::Error = core::convert::Infallible
pub fn lockness_executor::LocknessExecutor<C>::try_from(value: U) -> core::result::Result<T, <T as core::convert::TryFrom<U>>::Error>
impl<T, U> core::convert::TryInto<U> for lockness_executor::LocknessExecutor<C> where U: core::convert::TryFrom<T>
pub type lockness_executor::LocknessExecutor<C>::Error = <U as core::convert::TryFrom<T>>::Error
pub fn lockness_executor::LocknessExecutor<C>::try_into(self) -> core::result::Result<U, <U as core::convert::TryFrom<T>>::Error>
impl<T> core::any::Any for lockness_executor::LocknessExecutor<C> where T: 'static + ?core::marker::Sized
pub fn lockness_executor::LocknessExecutor<C>::type_id(&self) -> core::any::TypeId
impl<T> core::borrow::Borrow<T> for lockness_executor::LocknessExecutor<C> where T: ?core::marker::Sized
pub fn lockness_executor::LocknessExecutor<C>::borrow(&self) -> &T
impl<T> core::borrow::BorrowMut<T> for lockness_executor::LocknessExecutor<C> where T: ?core::marker::Sized
pub fn lockness_executor::LocknessExecutor<C>::borrow_mut(&mut self) -> &mut T
impl<T> core::convert::From<T> for lockness_executor::LocknessExecutor<C>
pub fn lockness_executor::LocknessExecutor<C>::from(t: T) -> T
pub struct lockness_executor::LocknessExecutorBuilder<S: lockness_executor::lockness_executor_builder::State>
impl lockness_executor::LocknessExecutorBuilder
pub fn lockness_executor::LocknessExecutorBuilder::new() -> Self
impl<S: lockness_executor::lockness_executor_builder::IsComplete> lockness_executor::LocknessExecutorBuilder<S>
pub fn lockness_executor::LocknessExecutorBuilder<S>::build<C>(self, config: C) -> lockness_executor::LocknessExecutor<C>
impl core::default::Default for lockness_executor::LocknessExecutorBuilder
pub fn lockness_executor::LocknessExecutorBuilder::default() -> Self
impl<S: lockness_executor::lockness_executor_builder::State> lockness_executor::LocknessExecutorBuilder<S>
pub fn lockness_executor::LocknessExecutorBuilder<S>::max_threads(self, value: core::num::nonzero::NonZeroUsize) -> lockness_executor::LocknessExecutorBuilder<lockness_executor::lockness_executor_builder::SetMaxThreads<S>> where <S as lockness_executor::lockness_executor_builder::State>::MaxThreads: bon::builder_state::IsUnset
pub fn lockness_executor::LocknessExecutorBuilder<S>::maybe_max_threads(self, value: core::option::Option<core::num::nonzero::NonZeroUsize>) -> lockness_executor::LocknessExecutorBuilder<lockness_executor::lockness_executor_builder::SetMaxThreads<S>> where <S as lockness_executor::lockness_executor_builder::State>::MaxThreads: bon::builder_state::IsUnset
impl<S> core::marker::Freeze for lockness_executor::LocknessExecutorBuilder<S>
impl<S> core::marker::Send for lockness_executor::LocknessExecutorBuilder<S>
impl<S> core::marker::Sync for lockness_executor::LocknessExecutorBuilder<S>
impl<S> core::marker::Unpin for lockness_executor::LocknessExecutorBuilder<S>
impl<S> core::panic::unwind_safe::RefUnwindSafe for lockness_executor::LocknessExecutorBuilder<S>
impl<S> core::panic::unwind_safe::UnwindSafe for lockness_executor::LocknessExecutorBuilder<S>
impl<T, U> core::convert::Into<U> for lockness_executor::LocknessExecutorBuilder<S> where U: core::convert::From<T>
pub fn lockness_executor::LocknessExecutorBuilder<S>::into(self) -> U
impl<T, U> core::convert::TryFrom<U> for lockness_executor::LocknessExecutorBuilder<S> where U: core::convert::Into<T>
pub type lockness_executor::LocknessExecutorBuilder<S>::Error = core::convert::Infallible
pub fn lockness_executor::LocknessExecutorBuilder<S>::try_from(value: U) -> core::result::Result<T, <T as core::convert::TryFrom<U>>::Error>
impl<T, U> core::convert::TryInto<U> for lockness_executor::LocknessExecutorBuilder<S> where U: core::convert::TryFrom<T>
pub type lockness_executor::LocknessExecutorBuilder<S>::Error = <U as core::convert::TryFrom<T>>::Error
pub fn lockness_executor::LocknessExecutorBuilder<S>::try_into(self) -> core::result::Result<U, <U as core::convert::TryFrom<T>>::Error>
impl<T> core::any::Any for lockness_executor::LocknessExecutorBuilder<S> where T: 'static + ?core::marker::Sized
pub fn lockness_executor::LocknessExecutorBuilder<S>::type_id(&self) -> core::any::TypeId
impl<T> core::borrow::Borrow<T> for lockness_executor::LocknessExecutorBuilder<S> where T: ?core::marker::Sized
pub fn lockness_executor::LocknessExecutorBuilder<S>::borrow(&self) -> &T
impl<T> core::borrow::BorrowMut<T> for lockness_executor::LocknessExecutorBuilder<S> where T: ?core::marker::Sized
pub fn lockness_executor::LocknessExecutorBuilder<S>::borrow_mut(&mut self) -> &mut T
impl<T> core::convert::From<T> for lockness_executor::LocknessExecutorBuilder<S>
pub fn lockness_executor::LocknessExecutorBuilder<S>::from(t: T) -> T
pub struct lockness_executor::SpawnBuffer<C>
impl<C: lockness_executor::config::Config + core::clone::Clone + core::marker::Send + 'static> lockness_executor::SpawnBuffer<C>
pub fn lockness_executor::SpawnBuffer<C>::spawn0<F: core::ops::function::FnOnce(&mut <C as lockness_executor::config::Config>::ThreadLocalState) -> core::result::Result<(), <C as lockness_executor::config::Config>::Error> + core::marker::Send + 'static>(&self, f: F)
impl<C: lockness_executor::config::Config<AllowTasksToSpawnMoreTasks = lockness_executor::config::True> + core::clone::Clone + core::marker::Send + 'static> lockness_executor::SpawnBuffer<C>
pub fn lockness_executor::SpawnBuffer<C>::spawn1<F: core::ops::function::FnOnce(&lockness_executor::Spawner<C>, &mut <C as lockness_executor::config::Config>::ThreadLocalState) -> core::result::Result<(), <C as lockness_executor::config::Config>::Error> + core::marker::Send + 'static>(&self, f: F)
impl<C> lockness_executor::SpawnBuffer<C>
pub fn lockness_executor::SpawnBuffer<C>::flush(&self)
impl<C> core::marker::Freeze for lockness_executor::SpawnBuffer<C> where C: core::marker::Freeze
impl<C> core::marker::Send for lockness_executor::SpawnBuffer<C> where C: core::marker::Send
impl<C> core::marker::Sync for lockness_executor::SpawnBuffer<C> where C: core::marker::Sync
impl<C> core::marker::Unpin for lockness_executor::SpawnBuffer<C> where C: core::marker::Unpin
impl<C> core::panic::unwind_safe::RefUnwindSafe for lockness_executor::SpawnBuffer<C> where C: core::panic::unwind_safe::RefUnwindSafe
impl<C> core::panic::unwind_safe::UnwindSafe for lockness_executor::SpawnBuffer<C> where C: core::panic::unwind_safe::UnwindSafe
impl<T, U> core::convert::Into<U> for lockness_executor::SpawnBuffer<C> where U: core::convert::From<T>
pub fn lockness_executor::SpawnBuffer<C>::into(self) -> U
impl<T, U> core::convert::TryFrom<U> for lockness_executor::SpawnBuffer<C> where U: core::convert::Into<T>
pub type lockness_executor::SpawnBuffer<C>::Error = core::convert::Infallible
pub fn lockness_executor::SpawnBuffer<C>::try_from(value: U) -> core::result::Result<T, <T as core::convert::TryFrom<U>>::Error>
impl<T, U> core::convert::TryInto<U> for lockness_executor::SpawnBuffer<C> where U: core::convert::TryFrom<T>
pub type lockness_executor::SpawnBuffer<C>::Error = <U as core::convert::TryFrom<T>>::Error
pub fn lockness_executor::SpawnBuffer<C>::try_into(self) -> core::result::Result<U, <U as core::convert::TryFrom<T>>::Error>
impl<T> core::any::Any for lockness_executor::SpawnBuffer<C> where T: 'static + ?core::marker::Sized
pub fn lockness_executor::SpawnBuffer<C>::type_id(&self) -> core::any::TypeId
impl<T> core::borrow::Borrow<T> for lockness_executor::SpawnBuffer<C> where T: ?core::marker::Sized
pub fn lockness_executor::SpawnBuffer<C>::borrow(&self) -> &T
impl<T> core::borrow::BorrowMut<T> for lockness_executor::SpawnBuffer<C> where T: ?core::marker::Sized
pub fn lockness_executor::SpawnBuffer<C>::borrow_mut(&mut self) -> &mut T
impl<T> core::convert::From<T> for lockness_executor::SpawnBuffer<C>
pub fn lockness_executor::SpawnBuffer<C>::from(t: T) -> T
pub struct lockness_executor::Spawner<C>
impl<C: lockness_executor::config::Config + core::clone::Clone + core::marker::Send + 'static> lockness_executor::Spawner<C>
pub fn lockness_executor::Spawner<C>::spawn0<F: core::ops::function::FnOnce(&mut <C as lockness_executor::config::Config>::ThreadLocalState) -> core::result::Result<(), <C as lockness_executor::config::Config>::Error> + core::marker::Send + 'static>(&self, f: F)
impl<C: lockness_executor::config::Config<AllowTasksToSpawnMoreTasks = lockness_executor::config::True> + core::clone::Clone + core::marker::Send + 'static> lockness_executor::Spawner<C>
pub fn lockness_executor::Spawner<C>::spawn1<F: core::ops::function::FnOnce(&Self, &mut <C as lockness_executor::config::Config>::ThreadLocalState) -> core::result::Result<(), <C as lockness_executor::config::Config>::Error> + core::marker::Send + 'static>(&self, f: F)
impl<C> lockness_executor::Spawner<C>
pub fn lockness_executor::Spawner<C>::buffer(&self) -> lockness_executor::SpawnBuffer<C>
pub fn lockness_executor::Spawner<C>::drain(&self)
pub fn lockness_executor::Spawner<C>::yield_(&self)
impl<C> core::marker::Freeze for lockness_executor::Spawner<C> where C: core::marker::Freeze
impl<C> core::marker::Send for lockness_executor::Spawner<C> where C: core::marker::Send
impl<C> core::marker::Sync for lockness_executor::Spawner<C> where C: core::marker::Sync
impl<C> core::marker::Unpin for lockness_executor::Spawner<C> where C: core::marker::Unpin
impl<C> core::panic::unwind_safe::RefUnwindSafe for lockness_executor::Spawner<C> where C: core::panic::unwind_safe::RefUnwindSafe
impl<C> core::panic::unwind_safe::UnwindSafe for lockness_executor::Spawner<C> where C: core::panic::unwind_safe::UnwindSafe
impl<T, U> core::convert::Into<U> for lockness_executor::Spawner<C> where U: core::convert::From<T>
pub fn lockness_executor::Spawner<C>::into(self) -> U
impl<T, U> core::convert::TryFrom<U> for lockness_executor::Spawner<C> where U: core::convert::Into<T>
pub type lockness_executor::Spawner<C>::Error = core::convert::Infallible
pub fn lockness_executor::Spawner<C>::try_from(value: U) -> core::result::Result<T, <T as core::convert::TryFrom<U>>::Error>
impl<T, U> core::convert::TryInto<U> for lockness_executor::Spawner<C> where U: core::convert::TryFrom<T>
pub type lockness_executor::Spawner<C>::Error = <U as core::convert::TryFrom<T>>::Error
pub fn lockness_executor::Spawner<C>::try_into(self) -> core::result::Result<U, <U as core::convert::TryFrom<T>>::Error>
impl<T> core::any::Any for lockness_executor::Spawner<C> where T: 'static + ?core::marker::Sized
pub fn lockness_executor::Spawner<C>::type_id(&self) -> core::any::TypeId
impl<T> core::borrow::Borrow<T> for lockness_executor::Spawner<C> where T: ?core::marker::Sized
pub fn lockness_executor::Spawner<C>::borrow(&self) -> &T
impl<T> core::borrow::BorrowMut<T> for lockness_executor::Spawner<C> where T: ?core::marker::Sized
pub fn lockness_executor::Spawner<C>::borrow_mut(&mut self) -> &mut T
impl<T> core::convert::From<T> for lockness_executor::Spawner<C>
pub fn lockness_executor::Spawner<C>::from(t: T) -> T
