pub mod lockness_bags
pub struct lockness_bags::SlotReceiver<T: lockness_bags::Allocated>
impl<T: lockness_bags::Allocated> lockness_bags::SlotReceiver<T>
pub fn lockness_bags::SlotReceiver<T>::recv(&self) -> core::result::Result<T, Error>
pub fn lockness_bags::SlotReceiver<T>::recv_deadline(&self, deadline: std::time::Instant) -> core::result::Result<T, Error>
pub fn lockness_bags::SlotReceiver<T>::recv_timeout(&self, timeout: core::time::Duration) -> core::result::Result<T, Error>
pub fn lockness_bags::SlotReceiver<T>::shutdown(self) -> core::option::Option<T>
pub fn lockness_bags::SlotReceiver<T>::try_recv(&self) -> core::result::Result<T, Error>
impl<T: lockness_bags::Allocated> core::ops::drop::Drop for lockness_bags::SlotReceiver<T>
pub fn lockness_bags::SlotReceiver<T>::drop(&mut self)
impl<T> core::marker::Send for lockness_bags::SlotReceiver<T> where T: core::marker::Send + core::marker::Sync
impl<T> core::marker::Sync for lockness_bags::SlotReceiver<T> where T: core::marker::Send + core::marker::Sync
impl<T> core::marker::Unpin for lockness_bags::SlotReceiver<T>
impl<T> core::panic::unwind_safe::RefUnwindSafe for lockness_bags::SlotReceiver<T> where T: core::panic::unwind_safe::RefUnwindSafe
impl<T> core::panic::unwind_safe::UnwindSafe for lockness_bags::SlotReceiver<T> where T: core::panic::unwind_safe::RefUnwindSafe
impl<T, U> core::convert::Into<U> for lockness_bags::SlotReceiver<T> where U: core::convert::From<T>
pub fn lockness_bags::SlotReceiver<T>::into(self) -> U
impl<T, U> core::convert::TryFrom<U> for lockness_bags::SlotReceiver<T> where U: core::convert::Into<T>
pub type lockness_bags::SlotReceiver<T>::Error = core::convert::Infallible
pub fn lockness_bags::SlotReceiver<T>::try_from(value: U) -> core::result::Result<T, <T as core::convert::TryFrom<U>>::Error>
impl<T, U> core::convert::TryInto<U> for lockness_bags::SlotReceiver<T> where U: core::convert::TryFrom<T>
pub type lockness_bags::SlotReceiver<T>::Error = <U as core::convert::TryFrom<T>>::Error
pub fn lockness_bags::SlotReceiver<T>::try_into(self) -> core::result::Result<U, <U as core::convert::TryFrom<T>>::Error>
impl<T> core::any::Any for lockness_bags::SlotReceiver<T> where T: 'static + core::marker::Sized
pub fn lockness_bags::SlotReceiver<T>::type_id(&self) -> core::any::TypeId
impl<T> core::borrow::Borrow<T> for lockness_bags::SlotReceiver<T> where T: core::marker::Sized
pub fn lockness_bags::SlotReceiver<T>::borrow(&self) -> &T
impl<T> core::borrow::BorrowMut<T> for lockness_bags::SlotReceiver<T> where T: core::marker::Sized
pub fn lockness_bags::SlotReceiver<T>::borrow_mut(&mut self) -> &mut T
impl<T> core::convert::From<T> for lockness_bags::SlotReceiver<T>
pub fn lockness_bags::SlotReceiver<T>::from(t: T) -> T
pub struct lockness_bags::SlotSender<T: lockness_bags::Allocated>
impl<T: lockness_bags::Allocated> lockness_bags::SlotSender<T>
pub fn lockness_bags::SlotSender<T>::shutdown(self) -> core::option::Option<T>
pub fn lockness_bags::SlotSender<T>::try_send(&self, value: T) -> core::result::Result<T, Error>
impl<T: lockness_bags::Allocated> core::clone::Clone for lockness_bags::SlotSender<T>
pub fn lockness_bags::SlotSender<T>::clone(&self) -> Self
impl<T: lockness_bags::Allocated> core::ops::drop::Drop for lockness_bags::SlotSender<T>
pub fn lockness_bags::SlotSender<T>::drop(&mut self)
impl<T> core::marker::Send for lockness_bags::SlotSender<T> where T: core::marker::Send + core::marker::Sync
impl<T> core::marker::Sync for lockness_bags::SlotSender<T> where T: core::marker::Send + core::marker::Sync
impl<T> core::marker::Unpin for lockness_bags::SlotSender<T>
impl<T> core::panic::unwind_safe::RefUnwindSafe for lockness_bags::SlotSender<T> where T: core::panic::unwind_safe::RefUnwindSafe
impl<T> core::panic::unwind_safe::UnwindSafe for lockness_bags::SlotSender<T> where T: core::panic::unwind_safe::RefUnwindSafe
impl<T, U> core::convert::Into<U> for lockness_bags::SlotSender<T> where U: core::convert::From<T>
pub fn lockness_bags::SlotSender<T>::into(self) -> U
impl<T, U> core::convert::TryFrom<U> for lockness_bags::SlotSender<T> where U: core::convert::Into<T>
pub type lockness_bags::SlotSender<T>::Error = core::convert::Infallible
pub fn lockness_bags::SlotSender<T>::try_from(value: U) -> core::result::Result<T, <T as core::convert::TryFrom<U>>::Error>
impl<T, U> core::convert::TryInto<U> for lockness_bags::SlotSender<T> where U: core::convert::TryFrom<T>
pub type lockness_bags::SlotSender<T>::Error = <U as core::convert::TryFrom<T>>::Error
pub fn lockness_bags::SlotSender<T>::try_into(self) -> core::result::Result<U, <U as core::convert::TryFrom<T>>::Error>
impl<T> alloc::borrow::ToOwned for lockness_bags::SlotSender<T> where T: core::clone::Clone
pub type lockness_bags::SlotSender<T>::Owned = T
pub fn lockness_bags::SlotSender<T>::clone_into(&self, target: &mut T)
pub fn lockness_bags::SlotSender<T>::to_owned(&self) -> T
impl<T> core::any::Any for lockness_bags::SlotSender<T> where T: 'static + core::marker::Sized
pub fn lockness_bags::SlotSender<T>::type_id(&self) -> core::any::TypeId
impl<T> core::borrow::Borrow<T> for lockness_bags::SlotSender<T> where T: core::marker::Sized
pub fn lockness_bags::SlotSender<T>::borrow(&self) -> &T
impl<T> core::borrow::BorrowMut<T> for lockness_bags::SlotSender<T> where T: core::marker::Sized
pub fn lockness_bags::SlotSender<T>::borrow_mut(&mut self) -> &mut T
impl<T> core::convert::From<T> for lockness_bags::SlotSender<T>
pub fn lockness_bags::SlotSender<T>::from(t: T) -> T
pub trait lockness_bags::Allocated
pub unsafe fn lockness_bags::Allocated::from_ptr(ptr: core::ptr::non_null::NonNull<()>) -> Self
pub fn lockness_bags::Allocated::into_ptr(self) -> core::ptr::non_null::NonNull<()>
pub fn lockness_bags::mpsc_slot<T: lockness_bags::Allocated>() -> (lockness_bags::SlotSender<T>, lockness_bags::SlotReceiver<T>)
