pub mod lockness_bags
pub struct lockness_bags::SlotReceiver<T>
impl<T> lockness_bags::SlotReceiver<T>
pub fn lockness_bags::SlotReceiver<T>::recv(&self) -> core::result::Result<T, std::sync::mpsc::RecvError>
pub fn lockness_bags::SlotReceiver<T>::try_recv(&self) -> core::result::Result<T, std::sync::mpsc::TryRecvError>
impl<T: core::fmt::Debug> core::fmt::Debug for lockness_bags::SlotReceiver<T>
pub fn lockness_bags::SlotReceiver<T>::fmt(&self, f: &mut core::fmt::Formatter<'_>) -> core::fmt::Result
impl<T: core::marker::Send> core::marker::Send for lockness_bags::SlotReceiver<T>
impl<T> core::ops::drop::Drop for lockness_bags::SlotReceiver<T>
pub fn lockness_bags::SlotReceiver<T>::drop(&mut self)
impl<T> core::marker::Freeze for lockness_bags::SlotReceiver<T>
impl<T> !core::marker::Sync for lockness_bags::SlotReceiver<T>
impl<T> core::marker::Unpin for lockness_bags::SlotReceiver<T>
impl<T> core::marker::UnsafeUnpin for lockness_bags::SlotReceiver<T>
impl<T> !core::panic::unwind_safe::RefUnwindSafe for lockness_bags::SlotReceiver<T>
impl<T> !core::panic::unwind_safe::UnwindSafe for lockness_bags::SlotReceiver<T>
impl<T, U> core::convert::Into<U> for lockness_bags::SlotReceiver<T> where U: core::convert::From<T>
pub fn lockness_bags::SlotReceiver<T>::into(self) -> U
impl<T, U> core::convert::TryFrom<U> for lockness_bags::SlotReceiver<T> where U: core::convert::Into<T>
pub type lockness_bags::SlotReceiver<T>::Error = core::convert::Infallible
pub fn lockness_bags::SlotReceiver<T>::try_from(value: U) -> core::result::Result<T, <T as core::convert::TryFrom<U>>::Error>
impl<T, U> core::convert::TryInto<U> for lockness_bags::SlotReceiver<T> where U: core::convert::TryFrom<T>
pub type lockness_bags::SlotReceiver<T>::Error = <U as core::convert::TryFrom<T>>::Error
pub fn lockness_bags::SlotReceiver<T>::try_into(self) -> core::result::Result<U, <U as core::convert::TryFrom<T>>::Error>
impl<T> core::any::Any for lockness_bags::SlotReceiver<T> where T: 'static + ?core::marker::Sized
pub fn lockness_bags::SlotReceiver<T>::type_id(&self) -> core::any::TypeId
impl<T> core::borrow::Borrow<T> for lockness_bags::SlotReceiver<T> where T: ?core::marker::Sized
pub fn lockness_bags::SlotReceiver<T>::borrow(&self) -> &T
impl<T> core::borrow::BorrowMut<T> for lockness_bags::SlotReceiver<T> where T: ?core::marker::Sized
pub fn lockness_bags::SlotReceiver<T>::borrow_mut(&mut self) -> &mut T
impl<T> core::convert::From<T> for lockness_bags::SlotReceiver<T>
pub fn lockness_bags::SlotReceiver<T>::from(t: T) -> T
impl<T> lockness_bags::SendBuffer<T> for lockness_bags::SlotReceiver<T>
pub type lockness_bags::SlotReceiver<T>::Container = core::option::Option<T>
pub fn lockness_bags::SlotReceiver<T>::available_items(self) -> (usize, <T as lockness_bags::SendBuffer<T>>::Container)
pub struct lockness_bags::SlotSender<T>
impl<T> lockness_bags::SlotSender<T>
pub fn lockness_bags::SlotSender<T>::send(&self, data: T) -> core::result::Result<(), std::sync::mpsc::SendError<T>>
pub fn lockness_bags::SlotSender<T>::try_send(&self, data: T) -> core::result::Result<(), std::sync::mpsc::TrySendError<T>>
impl<T: core::fmt::Debug> core::fmt::Debug for lockness_bags::SlotSender<T>
pub fn lockness_bags::SlotSender<T>::fmt(&self, f: &mut core::fmt::Formatter<'_>) -> core::fmt::Result
impl<T: core::marker::Send> core::marker::Send for lockness_bags::SlotSender<T>
impl<T: core::marker::Send> core::marker::Sync for lockness_bags::SlotSender<T>
impl<T> core::clone::Clone for lockness_bags::SlotSender<T>
pub fn lockness_bags::SlotSender<T>::clone(&self) -> Self
impl<T> core::ops::drop::Drop for lockness_bags::SlotSender<T>
pub fn lockness_bags::SlotSender<T>::drop(&mut self)
impl<T> core::marker::Freeze for lockness_bags::SlotSender<T>
impl<T> core::marker::Unpin for lockness_bags::SlotSender<T>
impl<T> core::marker::UnsafeUnpin for lockness_bags::SlotSender<T>
impl<T> !core::panic::unwind_safe::RefUnwindSafe for lockness_bags::SlotSender<T>
impl<T> !core::panic::unwind_safe::UnwindSafe for lockness_bags::SlotSender<T>
impl<T, U> core::convert::Into<U> for lockness_bags::SlotSender<T> where U: core::convert::From<T>
pub fn lockness_bags::SlotSender<T>::into(self) -> U
impl<T, U> core::convert::TryFrom<U> for lockness_bags::SlotSender<T> where U: core::convert::Into<T>
pub type lockness_bags::SlotSender<T>::Error = core::convert::Infallible
pub fn lockness_bags::SlotSender<T>::try_from(value: U) -> core::result::Result<T, <T as core::convert::TryFrom<U>>::Error>
impl<T, U> core::convert::TryInto<U> for lockness_bags::SlotSender<T> where U: core::convert::TryFrom<T>
pub type lockness_bags::SlotSender<T>::Error = <U as core::convert::TryFrom<T>>::Error
pub fn lockness_bags::SlotSender<T>::try_into(self) -> core::result::Result<U, <U as core::convert::TryFrom<T>>::Error>
impl<T> alloc::borrow::ToOwned for lockness_bags::SlotSender<T> where T: core::clone::Clone
pub type lockness_bags::SlotSender<T>::Owned = T
pub fn lockness_bags::SlotSender<T>::clone_into(&self, target: &mut T)
pub fn lockness_bags::SlotSender<T>::to_owned(&self) -> T
impl<T> core::any::Any for lockness_bags::SlotSender<T> where T: 'static + ?core::marker::Sized
pub fn lockness_bags::SlotSender<T>::type_id(&self) -> core::any::TypeId
impl<T> core::borrow::Borrow<T> for lockness_bags::SlotSender<T> where T: ?core::marker::Sized
pub fn lockness_bags::SlotSender<T>::borrow(&self) -> &T
impl<T> core::borrow::BorrowMut<T> for lockness_bags::SlotSender<T> where T: ?core::marker::Sized
pub fn lockness_bags::SlotSender<T>::borrow_mut(&mut self) -> &mut T
impl<T> core::clone::CloneToUninit for lockness_bags::SlotSender<T> where T: core::clone::Clone
pub unsafe fn lockness_bags::SlotSender<T>::clone_to_uninit(&self, dest: *mut u8)
impl<T> core::convert::From<T> for lockness_bags::SlotSender<T>
pub fn lockness_bags::SlotSender<T>::from(t: T) -> T
impl<T> lockness_bags::SendBuffer<T> for lockness_bags::SlotSender<T>
pub type lockness_bags::SlotSender<T>::Container = core::option::Option<T>
pub fn lockness_bags::SlotSender<T>::available_items(self) -> (usize, <T as lockness_bags::SendBuffer<T>>::Container)
pub trait lockness_bags::SendBuffer<T>
pub type lockness_bags::SendBuffer::Container: lockness_bags::SendBufferContainer<T, Remit = Self>
pub fn lockness_bags::SendBuffer::available_items(self) -> (usize, Self::Container)
impl<T> lockness_bags::SendBuffer<T> for &mut alloc::vec::Vec<T>
pub type &mut alloc::vec::Vec<T>::Container = &mut alloc::vec::Vec<T>
pub fn &mut alloc::vec::Vec<T>::available_items(self) -> (usize, Self::Container)
impl<T> lockness_bags::SendBuffer<T> for T
pub type T::Container = core::option::Option<T>
pub fn T::available_items(self) -> (usize, <T as lockness_bags::SendBuffer<T>>::Container)
impl<const N: usize, T> lockness_bags::SendBuffer<T> for &mut arrayvec::arrayvec::ArrayVec<T, N>
pub type &mut arrayvec::arrayvec::ArrayVec<T, N>::Container = &mut arrayvec::arrayvec::ArrayVec<T, N>
pub fn &mut arrayvec::arrayvec::ArrayVec<T, N>::available_items(self) -> (usize, Self::Container)
pub trait lockness_bags::SendBufferContainer<T>
pub type lockness_bags::SendBufferContainer::Remit
pub fn lockness_bags::SendBufferContainer::remit(self) -> Self::Remit
pub fn lockness_bags::SendBufferContainer::take(&mut self) -> T
impl<T> lockness_bags::SendBufferContainer<T> for &mut alloc::vec::Vec<T>
pub type &mut alloc::vec::Vec<T>::Remit = &mut alloc::vec::Vec<T>
pub fn &mut alloc::vec::Vec<T>::remit(self) -> Self::Remit
pub fn &mut alloc::vec::Vec<T>::take(&mut self) -> T
impl<T> lockness_bags::SendBufferContainer<T> for core::option::Option<T>
pub type core::option::Option<T>::Remit = T
pub fn core::option::Option<T>::remit(self) -> Self::Remit
pub fn core::option::Option<T>::take(&mut self) -> T
impl<const N: usize, T> lockness_bags::SendBufferContainer<T> for &mut arrayvec::arrayvec::ArrayVec<T, N>
pub type &mut arrayvec::arrayvec::ArrayVec<T, N>::Remit = &mut arrayvec::arrayvec::ArrayVec<T, N>
pub fn &mut arrayvec::arrayvec::ArrayVec<T, N>::remit(self) -> Self::Remit
pub fn &mut arrayvec::arrayvec::ArrayVec<T, N>::take(&mut self) -> T
pub fn lockness_bags::mpmc<T>() -> (lockness_bags::mpmc::Sender<30, T>, lockness_bags::mpmc::Receiver<30, T>)
pub fn lockness_bags::mpsc_slot<T>() -> (lockness_bags::SlotSender<T>, lockness_bags::SlotReceiver<T>)
pub type lockness_bags::MpmcReceiver<T> = lockness_bags::mpmc::Receiver<30, T>
pub type lockness_bags::MpmcSender<T> = lockness_bags::mpmc::Sender<30, T>
